2026-09-04 21:18:44,967 - aqt.main - INFO - installer 19512 aqtinstall(aqt) v3.3.0 on Python 3.12.10 [CPython MSC v.1943 64 bit (AMD64)]
2026-09-04 21:18:44,968 - aqt.helper - DEBUG - helper 19512 Attempt to download checksum at https://download.qt.io/online/qtsdkrepository/windows_x86/desktop/qt6_663/Updates.xml.sha256
2026-09-04 21:18:46,843 - aqt.main - ERROR - installer 19512 The packages ['qtsvg'] were not found while parsing XML of package information!
==============================Suggested follow-up:==============================
* Please use 'aqt list-qt windows desktop --modules 6.6.3 <arch>' to show modules available.
2026-09-04 21:18:51,031 - aqt.helper - DEBUG - helper 22032 Attempt to download checksum at https://download.qt.io/online/qtsdkrepository/windows_x86/desktop/qt6_663/Updates.xml.sha256
2026-09-04 21:18:57,074 - aqt.main - INFO - installer 28288 aqtinstall(aqt) v3.3.0 on Python 3.12.10 [CPython MSC v.1943 64 bit (AMD64)]
2026-09-04 21:18:57,076 - aqt.helper - DEBUG - helper 28288 Attempt to download checksum at https://download.qt.io/online/qtsdkrepository/windows_x86/desktop/qt6_663/Updates.xml.sha256
2026-09-04 21:18:59,734 - aqt.helper - DEBUG - helper 21716 Attempt to download checksum at https://download.qt.io/online/qtsdkrepository/windows_x86/desktop/qt6_663/qt.qt6.663.qtshadertools.win64_mingw/6.6.3-0-202403191840qtshadertools-Windows-Windows_10_22H2-Mingw-Windows-Windows_10_22H2-X86_64.7z.sha256
2026-09-04 21:18:59,734 - aqt.helper - DEBUG - helper 24392 Attempt to download checksum at https://download.qt.io/online/qtsdkrepository/windows_x86/desktop/qt6_663/qt.qt6.663.win64_mingw/6.6.3-0-202403191840qtbase-Windows-Windows_10_22H2-Mingw-Windows-Windows_10_22H2-X86_64.7z.sha256
2026-09-04 21:18:59,739 - aqt.helper - DEBUG - helper 10732 Attempt to download checksum at https://download.qt.io/online/qtsdkrepository/windows_x86/desktop/qt6_663/qt.qt6.663.win64_mingw/6.6.3-0-202403191840qtsvg-Windows-Windows_10_22H2-Mingw-Windows-Windows_10_22H2-X86_64.7z.sha256
2026-09-04 21:18:59,750 - aqt.helper - DEBUG - helper 11076 Attempt to download checksum at https://download.qt.io/online/qtsdkrepository/windows_x86/desktop/qt6_663/qt.qt6.663.win64_mingw/6.6.3-0-202403191840qtdeclarative-Windows-Windows_10_22H2-Mingw-Windows-Windows_10_22H2-X86_64.7z.sha256
2026-09-04 21:19:00,719 - aqt.helper - INFO - helper 24392 Downloading qtbase...
2026-09-04 21:19:00,722 - aqt.helper - INFO - helper 11076 Downloading qtdeclarative...
2026-09-04 21:19:00,720 - aqt.installer - DEBUG - installer 24392 Download URL: https://download.qt.io/online/qtsdkrepository/windows_x86/desktop/qt6_663/qt.qt6.663.win64_mingw/6.6.3-0-202403191840qtbase-Windows-Windows_10_22H2-Mingw-Windows-Windows_10_22H2-X86_64.7z
2026-09-04 21:19:00,722 - aqt.installer - DEBUG - installer 11076 Download URL: https://download.qt.io/online/qtsdkrepository/windows_x86/desktop/qt6_663/qt.qt6.663.win64_mingw/6.6.3-0-202403191840qtdeclarative-Windows-Windows_10_22H2-Mingw-Windows-Windows_10_22H2-X86_64.7z
2026-09-04 21:19:00,730 - aqt.helper - INFO - helper 10732 Downloading qtsvg...
2026-09-04 21:19:00,730 - aqt.installer - DEBUG - installer 10732 Download URL: https://download.qt.io/online/qtsdkrepository/windows_x86/desktop/qt6_663/qt.qt6.663.win64_mingw/6.6.3-0-202403191840qtsvg-Windows-Windows_10_22H2-Mingw-Windows-Windows_10_22H2-X86_64.7z
2026-09-04 21:19:00,736 - aqt.helper - INFO - helper 21716 Downloading qtshadertools...
2026-09-04 21:19:00,737 - aqt.installer - DEBUG - installer 21716 Download URL: https://download.qt.io/online/qtsdkrepository/windows_x86/desktop/qt6_663/qt.qt6.663.qtshadertools.win64_mingw/6.6.3-0-202403191840qtshadertools-Windows-Windows_10_22H2-Mingw-Windows-Windows_10_22H2-X86_64.7z
2026-09-04 21:19:01,684 - aqt.helper - DEBUG - helper 10732 Asked to redirect(302) to: https://www.nic.funet.fi/pub/mirrors/download.qt-project.org/online/qtsdkrepository/windows_x86/desktop/qt6_663/qt.qt6.663.win64_mingw/6.6.3-0-202403191840qtsvg-Windows-Windows_10_22H2-Mingw-Windows-Windows_10_22H2-X86_64.7z
2026-09-04 21:19:01,684 - aqt.helper - INFO - helper 10732 Redirected: www.nic.funet.fi
2026-09-04 21:19:01,689 - aqt.helper - DEBUG - helper 24392 Asked to redirect(302) to: https://www.nic.funet.fi/pub/mirrors/download.qt-project.org/online/qtsdkrepository/windows_x86/desktop/qt6_663/qt.qt6.663.win64_mingw/6.6.3-0-202403191840qtbase-Windows-Windows_10_22H2-Mingw-Windows-Windows_10_22H2-X86_64.7z
2026-09-04 21:19:01,689 - aqt.helper - INFO - helper 24392 Redirected: www.nic.funet.fi
2026-09-04 21:19:01,690 - aqt.helper - DEBUG - helper 11076 Asked to redirect(302) to: https://www.nic.funet.fi/pub/mirrors/download.qt-project.org/online/qtsdkrepository/windows_x86/desktop/qt6_663/qt.qt6.663.win64_mingw/6.6.3-0-202403191840qtdeclarative-Windows-Windows_10_22H2-Mingw-Windows-Windows_10_22H2-X86_64.7z
2026-09-04 21:19:01,690 - aqt.helper - INFO - helper 11076 Redirected: www.nic.funet.fi
2026-09-04 21:19:01,816 - aqt.helper - DEBUG - helper 21716 Asked to redirect(302) to: https://www.nic.funet.fi/pub/mirrors/download.qt-project.org/online/qtsdkrepository/windows_x86/desktop/qt6_663/qt.qt6.663.qtshadertools.win64_mingw/6.6.3-0-202403191840qtshadertools-Windows-Windows_10_22H2-Mingw-Windows-Windows_10_22H2-X86_64.7z
2026-09-04 21:19:01,817 - aqt.helper - INFO - helper 21716 Redirected: www.nic.funet.fi
2026-09-04 21:19:02,977 - aqt.installer - INFO - installer 10732 Finished installation of qtsvg-Windows-Windows_10_22H2-Mingw-Windows-Windows_10_22H2-X86_64.7z in 3.24093290
2026-09-04 21:19:02,988 - aqt.helper - DEBUG - helper 10732 Attempt to download checksum at https://download.qt.io/online/qtsdkrepository/windows_x86/desktop/qt6_663/qt.qt6.663.win64_mingw/6.6.3-0-202403191840qttools-Windows-Windows_10_22H2-Mingw-Windows-Windows_10_22H2-X86_64.7z.sha256
2026-09-04 21:19:03,746 - aqt.installer - INFO - installer 21716 Finished installation of qtshadertools-Windows-Windows_10_22H2-Mingw-Windows-Windows_10_22H2-X86_64.7z in 4.01344870
2026-09-04 21:19:03,760 - aqt.helper - DEBUG - helper 21716 Attempt to download checksum at https://download.qt.io/online/qtsdkrepository/windows_x86/desktop/qt6_663/qt.qt6.663.win64_mingw/6.6.3-0-202403191840qttranslations-Windows-Windows_10_22H2-Mingw-Windows-Windows_10_22H2-X86_64.7z.sha256
2026-09-04 21:19:04,459 - aqt.helper - INFO - helper 10732 Downloading qttools...
2026-09-04 21:19:04,459 - aqt.installer - DEBUG - installer 10732 Download URL: https://download.qt.io/online/qtsdkrepository/windows_x86/desktop/qt6_663/qt.qt6.663.win64_mingw/6.6.3-0-202403191840qttools-Windows-Windows_10_22H2-Mingw-Windows-Windows_10_22H2-X86_64.7z
2026-09-04 21:19:04,692 - aqt.helper - INFO - helper 21716 Downloading qttranslations...
2026-09-04 21:19:04,692 - aqt.installer - DEBUG - installer 21716 Download URL: https://download.qt.io/online/qtsdkrepository/windows_x86/desktop/qt6_663/qt.qt6.663.win64_mingw/6.6.3-0-202403191840qttranslations-Windows-Windows_10_22H2-Mingw-Windows-Windows_10_22H2-X86_64.7z
2026-09-04 21:19:05,981 - aqt.helper - DEBUG - helper 10732 Asked to redirect(302) to: https://www.nic.funet.fi/pub/mirrors/download.qt-project.org/online/qtsdkrepository/windows_x86/desktop/qt6_663/qt.qt6.663.win64_mingw/6.6.3-0-202403191840qttools-Windows-Windows_10_22H2-Mingw-Windows-Windows_10_22H2-X86_64.7z
2026-09-04 21:19:05,981 - aqt.helper - INFO - helper 10732 Redirected: www.nic.funet.fi
2026-09-04 21:19:07,650 - aqt.helper - DEBUG - helper 21716 Asked to redirect(302) to: https://www.nic.funet.fi/pub/mirrors/download.qt-project.org/online/qtsdkrepository/windows_x86/desktop/qt6_663/qt.qt6.663.win64_mingw/6.6.3-0-202403191840qttranslations-Windows-Windows_10_22H2-Mingw-Windows-Windows_10_22H2-X86_64.7z
2026-09-04 21:19:07,651 - aqt.helper - INFO - helper 21716 Redirected: www.nic.funet.fi
2026-09-04 21:19:13,658 - aqt.installer - INFO - installer 21716 Finished installation of qttranslations-Windows-Windows_10_22H2-Mingw-Windows-Windows_10_22H2-X86_64.7z in 9.90089180
2026-09-04 21:19:13,670 - aqt.helper - DEBUG - helper 21716 Attempt to download checksum at https://download.qt.io/online/qtsdkrepository/windows_x86/desktop/qt6_663/qt.qt6.663.win64_mingw/6.6.3-0-202403191840MinGW-w64-x86_64-11.2.0-release-posix-seh-rt_v9-rev1-runtime.7z.sha256
2026-09-04 21:19:14,566 - aqt.helper - INFO - helper 21716 Downloading MinGW...
2026-09-04 21:19:14,566 - aqt.installer - DEBUG - installer 21716 Download URL: https://download.qt.io/online/qtsdkrepository/windows_x86/desktop/qt6_663/qt.qt6.663.win64_mingw/6.6.3-0-202403191840MinGW-w64-x86_64-11.2.0-release-posix-seh-rt_v9-rev1-runtime.7z
2026-09-04 21:19:15,464 - aqt.helper - DEBUG - helper 21716 Asked to redirect(302) to: https://www.nic.funet.fi/pub/mirrors/download.qt-project.org/online/qtsdkrepository/windows_x86/desktop/qt6_663/qt.qt6.663.win64_mingw/6.6.3-0-202403191840MinGW-w64-x86_64-11.2.0-release-posix-seh-rt_v9-rev1-runtime.7z
2026-09-04 21:19:15,464 - aqt.helper - INFO - helper 21716 Redirected: www.nic.funet.fi
2026-09-04 21:19:16,596 - aqt.installer - INFO - installer 21716 Finished installation of MinGW-w64-x86_64-11.2.0-release-posix-seh-rt_v9-rev1-runtime.7z in 2.92785250
2026-09-04 21:19:16,609 - aqt.helper - DEBUG - helper 21716 Attempt to download checksum at https://download.qt.io/online/qtsdkrepository/windows_x86/desktop/qt6_663/qt.qt6.663.win64_mingw/6.6.3-0-202403191840d3dcompiler_47-x64.7z.sha256
2026-09-04 21:19:17,502 - aqt.helper - INFO - helper 21716 Downloading d3dcompiler_47...
2026-09-04 21:19:17,503 - aqt.installer - DEBUG - installer 21716 Download URL: https://download.qt.io/online/qtsdkrepository/windows_x86/desktop/qt6_663/qt.qt6.663.win64_mingw/6.6.3-0-202403191840d3dcompiler_47-x64.7z
2026-09-04 21:19:18,387 - aqt.helper - DEBUG - helper 21716 Asked to redirect(302) to: https://www.nic.funet.fi/pub/mirrors/download.qt-project.org/online/qtsdkrepository/windows_x86/desktop/qt6_663/qt.qt6.663.win64_mingw/6.6.3-0-202403191840d3dcompiler_47-x64.7z
2026-09-04 21:19:18,387 - aqt.helper - INFO - helper 21716 Redirected: www.nic.funet.fi
2026-09-04 21:19:18,488 - aqt.installer - INFO - installer 10732 Finished installation of qttools-Windows-Windows_10_22H2-Mingw-Windows-Windows_10_22H2-X86_64.7z in 15.50203020
2026-09-04 21:19:18,505 - aqt.helper - DEBUG - helper 10732 Attempt to download checksum at https://download.qt.io/online/qtsdkrepository/windows_x86/desktop/qt6_663/qt.qt6.663.win64_mingw/6.6.3-0-202403191840opengl32sw-64-mesa_11_2_2-signed_sha256.7z.sha256
2026-09-04 21:19:19,423 - aqt.helper - INFO - helper 10732 Downloading opengl32sw...
2026-09-04 21:19:19,423 - aqt.installer - DEBUG - installer 10732 Download URL: https://download.qt.io/online/qtsdkrepository/windows_x86/desktop/qt6_663/qt.qt6.663.win64_mingw/6.6.3-0-202403191840opengl32sw-64-mesa_11_2_2-signed_sha256.7z
2026-09-04 21:19:19,733 - aqt.installer - INFO - installer 21716 Finished installation of d3dcompiler_47-x64.7z in 3.12599310
2026-09-04 21:19:20,366 - aqt.helper - DEBUG - helper 10732 Asked to redirect(302) to: https://www.nic.funet.fi/pub/mirrors/download.qt-project.org/online/qtsdkrepository/windows_x86/desktop/qt6_663/qt.qt6.663.win64_mingw/6.6.3-0-202403191840opengl32sw-64-mesa_11_2_2-signed_sha256.7z
2026-09-04 21:19:20,366 - aqt.helper - INFO - helper 10732 Redirected: www.nic.funet.fi
2026-09-04 21:19:22,293 - aqt.installer - INFO - installer 24392 Finished installation of qtbase-Windows-Windows_10_22H2-Mingw-Windows-Windows_10_22H2-X86_64.7z in 22.56020850
2026-09-04 21:19:22,549 - aqt.installer - INFO - installer 10732 Finished installation of opengl32sw-64-mesa_11_2_2-signed_sha256.7z in 4.04650080
2026-09-04 21:19:32,973 - aqt.installer - INFO - installer 11076 Finished installation of qtdeclarative-Windows-Windows_10_22H2-Mingw-Windows-Windows_10_22H2-X86_64.7z in 33.22556860
2026-09-04 21:19:33,332 - aqt.updater - INFO - updater 28288 Patching C:\Qt\6.6.3\mingw_64\bin\qmake.exe
2026-09-04 21:19:33,337 - aqt.updater - INFO - updater 28288 Patching C:\Qt\6.6.3\mingw_64\lib\pkgconfig\Qt6Concurrent.pc
2026-09-04 21:19:33,344 - aqt.updater - INFO - updater 28288 Patching C:\Qt\6.6.3\mingw_64\lib\pkgconfig\Qt6Core.pc
2026-09-04 21:19:33,351 - aqt.updater - INFO - updater 28288 Patching C:\Qt\6.6.3\mingw_64\lib\pkgconfig\Qt6DBus.pc
2026-09-04 21:19:33,359 - aqt.updater - INFO - updater 28288 Patching C:\Qt\6.6.3\mingw_64\lib\pkgconfig\Qt6Designer.pc
2026-09-04 21:19:33,367 - aqt.updater - INFO - updater 28288 Patching C:\Qt\6.6.3\mingw_64\lib\pkgconfig\Qt6Gui.pc
2026-09-04 21:19:33,373 - aqt.updater - INFO - updater 28288 Patching C:\Qt\6.6.3\mingw_64\lib\pkgconfig\Qt6Help.pc
2026-09-04 21:19:33,380 - aqt.updater - INFO - updater 28288 Patching C:\Qt\6.6.3\mingw_64\lib\pkgconfig\Qt6LabsAnimation.pc
2026-09-04 21:19:33,387 - aqt.updater - INFO - updater 28288 Patching C:\Qt\6.6.3\mingw_64\lib\pkgconfig\Qt6LabsFolderListModel.pc
2026-09-04 21:19:33,394 - aqt.updater - INFO - updater 28288 Patching C:\Qt\6.6.3\mingw_64\lib\pkgconfig\Qt6LabsQmlModels.pc
2026-09-04 21:19:33,403 - aqt.updater - INFO - updater 28288 Patching C:\Qt\6.6.3\mingw_64\lib\pkgconfig\Qt6LabsSettings.pc
2026-09-04 21:19:33,410 - aqt.updater - INFO - updater 28288 Patching C:\Qt\6.6.3\mingw_64\lib\pkgconfig\Qt6LabsSharedImage.pc
2026-09-04 21:19:33,418 - aqt.updater - INFO - updater 28288 Patching C:\Qt\6.6.3\mingw_64\lib\pkgconfig\Qt6LabsWavefrontMesh.pc
2026-09-04 21:19:33,425 - aqt.updater - INFO - updater 28288 Patching C:\Qt\6.6.3\mingw_64\lib\pkgconfig\Qt6Linguist.pc
2026-09-04 21:19:33,433 - aqt.updater - INFO - updater 28288 Patching C:\Qt\6.6.3\mingw_64\lib\pkgconfig\Qt6Network.pc
2026-09-04 21:19:33,440 - aqt.updater - INFO - updater 28288 Patching C:\Qt\6.6.3\mingw_64\lib\pkgconfig\Qt6OpenGL.pc
2026-09-04 21:19:33,447 - aqt.updater - INFO - updater 28288 Patching C:\Qt\6.6.3\mingw_64\lib\pkgconfig\Qt6OpenGLWidgets.pc
2026-09-04 21:19:33,455 - aqt.updater - INFO - updater 28288 Patching C:\Qt\6.6.3\mingw_64\lib\pkgconfig\Qt6Platform.pc
2026-09-04 21:19:33,465 - aqt.updater - INFO - updater 28288 Patching C:\Qt\6.6.3\mingw_64\lib\pkgconfig\Qt6PrintSupport.pc
2026-09-04 21:19:33,472 - aqt.updater - INFO - updater 28288 Patching C:\Qt\6.6.3\mingw_64\lib\pkgconfig\Qt6QDocCatchConversionsPrivate.pc
2026-09-04 21:19:33,480 - aqt.updater - INFO - updater 28288 Patching C:\Qt\6.6.3\mingw_64\lib\pkgconfig\Qt6QDocCatchGeneratorsPrivate.pc
2026-09-04 21:19:33,488 - aqt.updater - INFO - updater 28288 Patching C:\Qt\6.6.3\mingw_64\lib\pkgconfig\Qt6Qml.pc
2026-09-04 21:19:33,495 - aqt.updater - INFO - updater 28288 Patching C:\Qt\6.6.3\mingw_64\lib\pkgconfig\Qt6QmlCompiler.pc
2026-09-04 21:19:33,503 - aqt.updater - INFO - updater 28288 Patching C:\Qt\6.6.3\mingw_64\lib\pkgconfig\Qt6QmlCore.pc
2026-09-04 21:19:33,510 - aqt.updater - INFO - updater 28288 Patching C:\Qt\6.6.3\mingw_64\lib\pkgconfig\Qt6QmlIntegration.pc
2026-09-04 21:19:33,518 - aqt.updater - INFO - updater 28288 Patching C:\Qt\6.6.3\mingw_64\lib\pkgconfig\Qt6QmlLocalStorage.pc
2026-09-04 21:19:33,525 - aqt.updater - INFO - updater 28288 Patching C:\Qt\6.6.3\mingw_64\lib\pkgconfig\Qt6QmlModels.pc
2026-09-04 21:19:33,531 - aqt.updater - INFO - updater 28288 Patching C:\Qt\6.6.3\mingw_64\lib\pkgconfig\Qt6QmlWorkerScript.pc
2026-09-04 21:19:33,539 - aqt.updater - INFO - updater 28288 Patching C:\Qt\6.6.3\mingw_64\lib\pkgconfig\Qt6QmlXmlListModel.pc
2026-09-04 21:19:33,547 - aqt.updater - INFO - updater 28288 Patching C:\Qt\6.6.3\mingw_64\lib\pkgconfig\Qt6Quick.pc
2026-09-04 21:19:33,554 - aqt.updater - INFO - updater 28288 Patching C:\Qt\6.6.3\mingw_64\lib\pkgconfig\Qt6QuickControls2.pc
2026-09-04 21:19:33,563 - aqt.updater - INFO - updater 28288 Patching C:\Qt\6.6.3\mingw_64\lib\pkgconfig\Qt6QuickControls2Basic.pc
2026-09-04 21:19:33,571 - aqt.updater - INFO - updater 28288 Patching C:\Qt\6.6.3\mingw_64\lib\pkgconfig\Qt6QuickControls2BasicStyleImpl.pc
2026-09-04 21:19:33,579 - aqt.updater - INFO - updater 28288 Patching C:\Qt\6.6.3\mingw_64\lib\pkgconfig\Qt6QuickControls2Fusion.pc
2026-09-04 21:19:33,586 - aqt.updater - INFO - updater 28288 Patching C:\Qt\6.6.3\mingw_64\lib\pkgconfig\Qt6QuickControls2FusionStyleImpl.pc
2026-09-04 21:19:33,595 - aqt.updater - INFO - updater 28288 Patching C:\Qt\6.6.3\mingw_64\lib\pkgconfig\Qt6QuickControls2Imagine.pc
2026-09-04 21:19:33,604 - aqt.updater - INFO - updater 28288 Patching C:\Qt\6.6.3\mingw_64\lib\pkgconfig\Qt6QuickControls2ImagineStyleImpl.pc
2026-09-04 21:19:33,612 - aqt.updater - INFO - updater 28288 Patching C:\Qt\6.6.3\mingw_64\lib\pkgconfig\Qt6QuickControls2Impl.pc
2026-09-04 21:19:33,618 - aqt.updater - INFO - updater 28288 Patching C:\Qt\6.6.3\mingw_64\lib\pkgconfig\Qt6QuickControls2Material.pc
2026-09-04 21:19:33,626 - aqt.updater - INFO - updater 28288 Patching C:\Qt\6.6.3\mingw_64\lib\pkgconfig\Qt6QuickControls2MaterialStyleImpl.pc
2026-09-04 21:19:33,633 - aqt.updater - INFO - updater 28288 Patching C:\Qt\6.6.3\mingw_64\lib\pkgconfig\Qt6QuickControls2Universal.pc
2026-09-04 21:19:33,640 - aqt.updater - INFO - updater 28288 Patching C:\Qt\6.6.3\mingw_64\lib\pkgconfig\Qt6QuickControls2UniversalStyleImpl.pc
2026-09-04 21:19:33,647 - aqt.updater - INFO - updater 28288 Patching C:\Qt\6.6.3\mingw_64\lib\pkgconfig\Qt6QuickDialogs2.pc
2026-09-04 21:19:33,656 - aqt.updater - INFO - updater 28288 Patching C:\Qt\6.6.3\mingw_64\lib\pkgconfig\Qt6QuickDialogs2QuickImpl.pc
2026-09-04 21:19:33,662 - aqt.updater - INFO - updater 28288 Patching C:\Qt\6.6.3\mingw_64\lib\pkgconfig\Qt6QuickDialogs2Utils.pc
2026-09-04 21:19:33,669 - aqt.updater - INFO - updater 28288 Patching C:\Qt\6.6.3\mingw_64\lib\pkgconfig\Qt6QuickLayouts.pc
2026-09-04 21:19:33,676 - aqt.updater - INFO - updater 28288 Patching C:\Qt\6.6.3\mingw_64\lib\pkgconfig\Qt6QuickTemplates2.pc
2026-09-04 21:19:33,684 - aqt.updater - INFO - updater 28288 Patching C:\Qt\6.6.3\mingw_64\lib\pkgconfig\Qt6QuickTest.pc
2026-09-04 21:19:33,690 - aqt.updater - INFO - updater 28288 Patching C:\Qt\6.6.3\mingw_64\lib\pkgconfig\Qt6QuickWidgets.pc
2026-09-04 21:19:33,699 - aqt.updater - INFO - updater 28288 Patching C:\Qt\6.6.3\mingw_64\lib\pkgconfig\Qt6ShaderTools.pc
2026-09-04 21:19:33,705 - aqt.updater - INFO - updater 28288 Patching C:\Qt\6.6.3\mingw_64\lib\pkgconfig\Qt6Sql.pc
2026-09-04 21:19:33,713 - aqt.updater - INFO - updater 28288 Patching C:\Qt\6.6.3\mingw_64\lib\pkgconfig\Qt6Svg.pc
2026-09-04 21:19:33,720 - aqt.updater - INFO - updater 28288 Patching C:\Qt\6.6.3\mingw_64\lib\pkgconfig\Qt6SvgWidgets.pc
2026-09-04 21:19:33,726 - aqt.updater - INFO - updater 28288 Patching C:\Qt\6.6.3\mingw_64\lib\pkgconfig\Qt6Test.pc
2026-09-04 21:19:33,734 - aqt.updater - INFO - updater 28288 Patching C:\Qt\6.6.3\mingw_64\lib\pkgconfig\Qt6UiPlugin.pc
2026-09-04 21:19:33,741 - aqt.updater - INFO - updater 28288 Patching C:\Qt\6.6.3\mingw_64\lib\pkgconfig\Qt6UiTools.pc
2026-09-04 21:19:33,749 - aqt.updater - INFO - updater 28288 Patching C:\Qt\6.6.3\mingw_64\lib\pkgconfig\Qt6Widgets.pc
2026-09-04 21:19:33,758 - aqt.updater - INFO - updater 28288 Patching C:\Qt\6.6.3\mingw_64\lib\pkgconfig\Qt6Xml.pc
2026-09-04 21:19:33,766 - aqt.updater - INFO - updater 28288 Patching C:\Qt\6.6.3\mingw_64\lib\Qt6Concurrent.prl
2026-09-04 21:19:33,773 - aqt.updater - INFO - updater 28288 Patching C:\Qt\6.6.3\mingw_64\lib\Qt6Core.prl
2026-09-04 21:19:33,780 - aqt.updater - INFO - updater 28288 Patching C:\Qt\6.6.3\mingw_64\lib\Qt6DBus.prl
2026-09-04 21:19:33,788 - aqt.updater - INFO - updater 28288 Patching C:\Qt\6.6.3\mingw_64\lib\Qt6Designer.prl
2026-09-04 21:19:33,795 - aqt.updater - INFO - updater 28288 Patching C:\Qt\6.6.3\mingw_64\lib\Qt6DesignerComponents.prl
2026-09-04 21:19:33,802 - aqt.updater - INFO - updater 28288 Patching C:\Qt\6.6.3\mingw_64\lib\Qt6DeviceDiscoverySupport.prl
2026-09-04 21:19:33,810 - aqt.updater - INFO - updater 28288 Patching C:\Qt\6.6.3\mingw_64\lib\Qt6EntryPoint.prl
2026-09-04 21:19:33,817 - aqt.updater - INFO - updater 28288 Patching C:\Qt\6.6.3\mingw_64\lib\Qt6ExampleIcons.prl
2026-09-04 21:19:33,824 - aqt.updater - INFO - updater 28288 Patching C:\Qt\6.6.3\mingw_64\lib\Qt6FbSupport.prl
2026-09-04 21:19:33,832 - aqt.updater - INFO - updater 28288 Patching C:\Qt\6.6.3\mingw_64\lib\Qt6Gui.prl
2026-09-04 21:19:33,839 - aqt.updater - INFO - updater 28288 Patching C:\Qt\6.6.3\mingw_64\lib\Qt6Help.prl
2026-09-04 21:19:33,846 - aqt.updater - INFO - updater 28288 Patching C:\Qt\6.6.3\mingw_64\lib\Qt6LabsAnimation.prl
2026-09-04 21:19:33,853 - aqt.updater - INFO - updater 28288 Patching C:\Qt\6.6.3\mingw_64\lib\Qt6LabsFolderListModel.prl
2026-09-04 21:19:33,859 - aqt.updater - INFO - updater 28288 Patching C:\Qt\6.6.3\mingw_64\lib\Qt6LabsQmlModels.prl
2026-09-04 21:19:33,867 - aqt.updater - INFO - updater 28288 Patching C:\Qt\6.6.3\mingw_64\lib\Qt6LabsSettings.prl
2026-09-04 21:19:33,873 - aqt.updater - INFO - updater 28288 Patching C:\Qt\6.6.3\mingw_64\lib\Qt6LabsSharedImage.prl
2026-09-04 21:19:33,881 - aqt.updater - INFO - updater 28288 Patching C:\Qt\6.6.3\mingw_64\lib\Qt6LabsWavefrontMesh.prl
2026-09-04 21:19:33,888 - aqt.updater - INFO - updater 28288 Patching C:\Qt\6.6.3\mingw_64\lib\Qt6Network.prl
2026-09-04 21:19:33,895 - aqt.updater - INFO - updater 28288 Patching C:\Qt\6.6.3\mingw_64\lib\Qt6OpenGL.prl
2026-09-04 21:19:33,903 - aqt.updater - INFO - updater 28288 Patching C:\Qt\6.6.3\mingw_64\lib\Qt6OpenGLWidgets.prl
2026-09-04 21:19:33,909 - aqt.updater - INFO - updater 28288 Patching C:\Qt\6.6.3\mingw_64\lib\Qt6PacketProtocol.prl
2026-09-04 21:19:33,916 - aqt.updater - INFO - updater 28288 Patching C:\Qt\6.6.3\mingw_64\lib\Qt6PrintSupport.prl
2026-09-04 21:19:33,923 - aqt.updater - INFO - updater 28288 Patching C:\Qt\6.6.3\mingw_64\lib\Qt6Qml.prl
2026-09-04 21:19:33,929 - aqt.updater - INFO - updater 28288 Patching C:\Qt\6.6.3\mingw_64\lib\Qt6QmlCompiler.prl
2026-09-04 21:19:33,937 - aqt.updater - INFO - updater 28288 Patching C:\Qt\6.6.3\mingw_64\lib\Qt6QmlCore.prl
2026-09-04 21:19:33,944 - aqt.updater - INFO - updater 28288 Patching C:\Qt\6.6.3\mingw_64\lib\Qt6QmlDebug.prl
2026-09-04 21:19:33,951 - aqt.updater - INFO - updater 28288 Patching C:\Qt\6.6.3\mingw_64\lib\Qt6QmlDom.prl
2026-09-04 21:19:33,960 - aqt.updater - INFO - updater 28288 Patching C:\Qt\6.6.3\mingw_64\lib\Qt6QmlLocalStorage.prl
2026-09-04 21:19:33,966 - aqt.updater - INFO - updater 28288 Patching C:\Qt\6.6.3\mingw_64\lib\Qt6QmlLS.prl
2026-09-04 21:19:33,975 - aqt.updater - INFO - updater 28288 Patching C:\Qt\6.6.3\mingw_64\lib\Qt6QmlModels.prl
2026-09-04 21:19:33,982 - aqt.updater - INFO - updater 28288 Patching C:\Qt\6.6.3\mingw_64\lib\Qt6QmlToolingSettings.prl
2026-09-04 21:19:33,990 - aqt.updater - INFO - updater 28288 Patching C:\Qt\6.6.3\mingw_64\lib\Qt6QmlTypeRegistrar.prl
2026-09-04 21:19:33,997 - aqt.updater - INFO - updater 28288 Patching C:\Qt\6.6.3\mingw_64\lib\Qt6QmlWorkerScript.prl
2026-09-04 21:19:34,003 - aqt.updater - INFO - updater 28288 Patching C:\Qt\6.6.3\mingw_64\lib\Qt6QmlXmlListModel.prl
2026-09-04 21:19:34,010 - aqt.updater - INFO - updater 28288 Patching C:\Qt\6.6.3\mingw_64\lib\Qt6Quick.prl
2026-09-04 21:19:34,017 - aqt.updater - INFO - updater 28288 Patching C:\Qt\6.6.3\mingw_64\lib\Qt6QuickControls2.prl
2026-09-04 21:19:34,023 - aqt.updater - INFO - updater 28288 Patching C:\Qt\6.6.3\mingw_64\lib\Qt6QuickControls2Basic.prl
2026-09-04 21:19:34,031 - aqt.updater - INFO - updater 28288 Patching C:\Qt\6.6.3\mingw_64\lib\Qt6QuickControls2BasicStyleImpl.prl
2026-09-04 21:19:34,037 - aqt.updater - INFO - updater 28288 Patching C:\Qt\6.6.3\mingw_64\lib\Qt6QuickControls2Fusion.prl
2026-09-04 21:19:34,044 - aqt.updater - INFO - updater 28288 Patching C:\Qt\6.6.3\mingw_64\lib\Qt6QuickControls2FusionStyleImpl.prl
2026-09-04 21:19:34,051 - aqt.updater - INFO - updater 28288 Patching C:\Qt\6.6.3\mingw_64\lib\Qt6QuickControls2Imagine.prl
2026-09-04 21:19:34,057 - aqt.updater - INFO - updater 28288 Patching C:\Qt\6.6.3\mingw_64\lib\Qt6QuickControls2ImagineStyleImpl.prl
2026-09-04 21:19:34,065 - aqt.updater - INFO - updater 28288 Patching C:\Qt\6.6.3\mingw_64\lib\Qt6QuickControls2Impl.prl
2026-09-04 21:19:34,072 - aqt.updater - INFO - updater 28288 Patching C:\Qt\6.6.3\mingw_64\lib\Qt6QuickControls2Material.prl
2026-09-04 21:19:34,078 - aqt.updater - INFO - updater 28288 Patching C:\Qt\6.6.3\mingw_64\lib\Qt6QuickControls2MaterialStyleImpl.prl
2026-09-04 21:19:34,086 - aqt.updater - INFO - updater 28288 Patching C:\Qt\6.6.3\mingw_64\lib\Qt6QuickControls2Universal.prl
2026-09-04 21:19:34,092 - aqt.updater - INFO - updater 28288 Patching C:\Qt\6.6.3\mingw_64\lib\Qt6QuickControls2UniversalStyleImpl.prl
2026-09-04 21:19:34,100 - aqt.updater - INFO - updater 28288 Patching C:\Qt\6.6.3\mingw_64\lib\Qt6QuickControlsTestUtils.prl
2026-09-04 21:19:34,108 - aqt.updater - INFO - updater 28288 Patching C:\Qt\6.6.3\mingw_64\lib\Qt6QuickDialogs2.prl
2026-09-04 21:19:34,114 - aqt.updater - INFO - updater 28288 Patching C:\Qt\6.6.3\mingw_64\lib\Qt6QuickDialogs2QuickImpl.prl
2026-09-04 21:19:34,122 - aqt.updater - INFO - updater 28288 Patching C:\Qt\6.6.3\mingw_64\lib\Qt6QuickDialogs2Utils.prl
2026-09-04 21:19:34,128 - aqt.updater - INFO - updater 28288 Patching C:\Qt\6.6.3\mingw_64\lib\Qt6QuickEffects.prl
2026-09-04 21:19:34,134 - aqt.updater - INFO - updater 28288 Patching C:\Qt\6.6.3\mingw_64\lib\Qt6QuickLayouts.prl
2026-09-04 21:19:34,142 - aqt.updater - INFO - updater 28288 Patching C:\Qt\6.6.3\mingw_64\lib\Qt6QuickParticles.prl
2026-09-04 21:19:34,150 - aqt.updater - INFO - updater 28288 Patching C:\Qt\6.6.3\mingw_64\lib\Qt6QuickShapes.prl
2026-09-04 21:19:34,157 - aqt.updater - INFO - updater 28288 Patching C:\Qt\6.6.3\mingw_64\lib\Qt6QuickTemplates2.prl
2026-09-04 21:19:34,165 - aqt.updater - INFO - updater 28288 Patching C:\Qt\6.6.3\mingw_64\lib\Qt6QuickTest.prl
2026-09-04 21:19:34,174 - aqt.updater - INFO - updater 28288 Patching C:\Qt\6.6.3\mingw_64\lib\Qt6QuickTestUtils.prl
2026-09-04 21:19:34,181 - aqt.updater - INFO - updater 28288 Patching C:\Qt\6.6.3\mingw_64\lib\Qt6QuickWidgets.prl
2026-09-04 21:19:34,189 - aqt.updater - INFO - updater 28288 Patching C:\Qt\6.6.3\mingw_64\lib\Qt6ShaderTools.prl
2026-09-04 21:19:34,197 - aqt.updater - INFO - updater 28288 Patching C:\Qt\6.6.3\mingw_64\lib\Qt6Sql.prl
2026-09-04 21:19:34,204 - aqt.updater - INFO - updater 28288 Patching C:\Qt\6.6.3\mingw_64\lib\Qt6Svg.prl
2026-09-04 21:19:34,211 - aqt.updater - INFO - updater 28288 Patching C:\Qt\6.6.3\mingw_64\lib\Qt6SvgWidgets.prl
2026-09-04 21:19:34,219 - aqt.updater - INFO - updater 28288 Patching C:\Qt\6.6.3\mingw_64\lib\Qt6Test.prl
2026-09-04 21:19:34,225 - aqt.updater - INFO - updater 28288 Patching C:\Qt\6.6.3\mingw_64\lib\Qt6UiTools.prl
2026-09-04 21:19:34,236 - aqt.updater - INFO - updater 28288 Patching C:\Qt\6.6.3\mingw_64\lib\Qt6Widgets.prl
2026-09-04 21:19:34,242 - aqt.updater - INFO - updater 28288 Patching C:\Qt\6.6.3\mingw_64\lib\Qt6Xml.prl
2026-09-04 21:19:34,249 - aqt.main - INFO - installer 28288 Finished installation
2026-09-04 21:19:34,249 - aqt.main - INFO - installer 28288 Time elapsed: 37.17445330 second
2026-09-04 21:20:06,818 - aqt.main - INFO - installer 18912 aqtinstall(aqt) v3.3.0 on Python 3.12.10 [CPython MSC v.1943 64 bit (AMD64)]
2026-09-04 21:20:06,819 - aqt.helper - DEBUG - helper 18912 Attempt to download checksum at https://download.qt.io/online/qtsdkrepository/windows_x86/desktop/tools_mingw/Updates.xml.sha256
2026-09-04 21:20:08,599 - aqt.helper - DEBUG - helper 18912 Attempt to download checksum at https://download.qt.io/online/qtsdkrepository/windows_x86/desktop/mingw/Updates.xml.sha256
2026-09-04 21:20:09,480 - aqt.helper - DEBUG - helper 18912 Attempt to download checksum at https://download.qt.io/online/qtsdkrepository/windows_x86/desktop/mingw/Updates.xml.sha256
2026-09-04 21:20:10,392 - aqt.helper - DEBUG - helper 18912 Attempt to download checksum at https://download.qt.io/online/qtsdkrepository/windows_x86/desktop/mingw/Updates.xml.sha256
2026-09-04 21:20:11,342 - aqt.helper - DEBUG - helper 18912 Attempt to download checksum at https://download.qt.io/online/qtsdkrepository/windows_x86/desktop/mingw/Updates.xml.sha256
2026-09-04 21:20:12,249 - aqt.helper - DEBUG - helper 18912 Attempt to download checksum at https://download.qt.io/online/qtsdkrepository/windows_x86/desktop/mingw/Updates.xml.sha256
2026-09-04 21:20:13,128 - aqt.archives - WARNING - archives 18912 Failed to download checksum for the file 'online/qtsdkrepository/windows_x86/desktop/mingw/Updates.xml'. This may happen on unofficial mirrors.
2026-09-04 21:20:14,366 - aqt.main - ERROR - installer 18912 Failed to locate XML data for the tool 'mingw'.
==============================Suggested follow-up:==============================
* Please use 'aqt list-tool windows desktop' to show tools available.
2026-09-04 21:20:27,820 - aqt.main - INFO - installer 27092 aqtinstall(aqt) v3.3.0 on Python 3.12.10 [CPython MSC v.1943 64 bit (AMD64)]
2026-09-04 21:20:27,820 - aqt.helper - DEBUG - helper 27092 Attempt to download checksum at https://download.qt.io/online/qtsdkrepository/windows_x86/desktop/tools_mingw/Updates.xml.sha256
2026-09-04 21:20:29,764 - aqt.helper - DEBUG - helper 27092 Attempt to download checksum at https://download.qt.io/online/qtsdkrepository/windows_x86/desktop/tools_mingw/Updates.xml.sha256
2026-09-04 21:20:32,090 - aqt.helper - DEBUG - helper 14940 Attempt to download checksum at https://download.qt.io/online/qtsdkrepository/windows_x86/desktop/tools_mingw/qt.tools.mingw47/4.7.2-1-1x32-4.7.2-release-posix-sjlj-rev8.7z.sha256
2026-09-04 21:20:32,950 - aqt.helper - INFO - helper 14940 Downloading qt.tools.mingw47...
2026-09-04 21:20:32,950 - aqt.installer - DEBUG - installer 14940 Download URL: https://download.qt.io/online/qtsdkrepository/windows_x86/desktop/tools_mingw/qt.tools.mingw47/4.7.2-1-1x32-4.7.2-release-posix-sjlj-rev8.7z
2026-09-04 21:20:33,832 - aqt.helper - DEBUG - helper 14940 Asked to redirect(302) to: https://www.nic.funet.fi/pub/mirrors/download.qt-project.org/online/qtsdkrepository/windows_x86/desktop/tools_mingw/qt.tools.mingw47/4.7.2-1-1x32-4.7.2-release-posix-sjlj-rev8.7z
2026-09-04 21:20:33,832 - aqt.helper - INFO - helper 14940 Redirected: www.nic.funet.fi
2026-09-04 21:21:03,660 - aqt.installer - INFO - installer 14940 Finished installation of x32-4.7.2-release-posix-sjlj-rev8.7z in 31.57247560
2026-09-04 21:21:03,747 - aqt.helper - DEBUG - helper 27092 Attempt to download checksum at https://download.qt.io/online/qtsdkrepository/windows_x86/desktop/tools_mingw/Updates.xml.sha256
2026-09-04 21:21:06,290 - aqt.helper - DEBUG - helper 19896 Attempt to download checksum at https://download.qt.io/online/qtsdkrepository/windows_x86/desktop/tools_mingw/qt.tools.win32_mingw48/4.8.0-1-1x32-4.8.0-release-posix-dwarf-rev2.7z.sha256
2026-09-04 21:21:07,176 - aqt.helper - INFO - helper 19896 Downloading qt.tools.win32_mingw48...
2026-09-04 21:21:07,176 - aqt.installer - DEBUG - installer 19896 Download URL: https://download.qt.io/online/qtsdkrepository/windows_x86/desktop/tools_mingw/qt.tools.win32_mingw48/4.8.0-1-1x32-4.8.0-release-posix-dwarf-rev2.7z
2026-09-04 21:21:08,065 - aqt.helper - DEBUG - helper 19896 Asked to redirect(302) to: https://www.nic.funet.fi/pub/mirrors/download.qt-project.org/online/qtsdkrepository/windows_x86/desktop/tools_mingw/qt.tools.win32_mingw48/4.8.0-1-1x32-4.8.0-release-posix-dwarf-rev2.7z
2026-09-04 21:21:08,066 - aqt.helper - INFO - helper 19896 Redirected: www.nic.funet.fi
2026-09-04 21:21:32,598 - aqt.installer - INFO - installer 19896 Finished installation of x32-4.8.0-release-posix-dwarf-rev2.7z in 26.30942390
2026-09-04 21:21:32,686 - aqt.helper - DEBUG - helper 27092 Attempt to download checksum at https://download.qt.io/online/qtsdkrepository/windows_x86/desktop/tools_mingw/Updates.xml.sha256
2026-09-04 21:21:35,001 - aqt.helper - DEBUG - helper 19452 Attempt to download checksum at https://download.qt.io/online/qtsdkrepository/windows_x86/desktop/tools_mingw/qt.tools.win32_mingw482/4.8.2i686-4.8.2-release-posix-dwarf-rt_v3-rev3.7z.sha256
2026-09-04 21:21:35,923 - aqt.helper - INFO - helper 19452 Downloading qt.tools.win32_mingw482...
2026-09-04 21:21:35,923 - aqt.installer - DEBUG - installer 19452 Download URL: https://download.qt.io/online/qtsdkrepository/windows_x86/desktop/tools_mingw/qt.tools.win32_mingw482/4.8.2i686-4.8.2-release-posix-dwarf-rt_v3-rev3.7z
2026-09-04 21:21:36,799 - aqt.helper - DEBUG - helper 19452 Asked to redirect(302) to: https://www.nic.funet.fi/pub/mirrors/download.qt-project.org/online/qtsdkrepository/windows_x86/desktop/tools_mingw/qt.tools.win32_mingw482/4.8.2i686-4.8.2-release-posix-dwarf-rt_v3-rev3.7z
2026-09-04 21:21:36,800 - aqt.helper - INFO - helper 19452 Redirected: www.nic.funet.fi
2026-09-04 21:22:24,256 - aqt.installer - INFO - installer 19452 Finished installation of i686-4.8.2-release-posix-dwarf-rt_v3-rev3.7z in 49.25729690
2026-09-04 21:22:24,355 - aqt.helper - DEBUG - helper 27092 Attempt to download checksum at https://download.qt.io/online/qtsdkrepository/windows_x86/desktop/tools_mingw/Updates.xml.sha256
2026-09-04 21:22:26,751 - aqt.helper - DEBUG - helper 25036 Attempt to download checksum at https://download.qt.io/online/qtsdkrepository/windows_x86/desktop/tools_mingw/qt.tools.win32_mingw491/4.9.1-3i686-4.9.1-release-posix-dwarf-rt_v3-rev2.7z.sha256
2026-09-04 21:22:27,628 - aqt.helper - INFO - helper 25036 Downloading qt.tools.win32_mingw491...
2026-09-04 21:22:27,628 - aqt.installer - DEBUG - installer 25036 Download URL: https://download.qt.io/online/qtsdkrepository/windows_x86/desktop/tools_mingw/qt.tools.win32_mingw491/4.9.1-3i686-4.9.1-release-posix-dwarf-rt_v3-rev2.7z
2026-09-04 21:22:28,552 - aqt.helper - DEBUG - helper 25036 Asked to redirect(302) to: https://www.nic.funet.fi/pub/mirrors/download.qt-project.org/online/qtsdkrepository/windows_x86/desktop/tools_mingw/qt.tools.win32_mingw491/4.9.1-3i686-4.9.1-release-posix-dwarf-rt_v3-rev2.7z
2026-09-04 21:22:28,552 - aqt.helper - INFO - helper 25036 Redirected: www.nic.funet.fi
2026-09-04 21:23:18,520 - aqt.installer - INFO - installer 25036 Finished installation of i686-4.9.1-release-posix-dwarf-rt_v3-rev2.7z in 51.77119080
2026-09-04 21:23:18,612 - aqt.helper - DEBUG - helper 27092 Attempt to download checksum at https://download.qt.io/online/qtsdkrepository/windows_x86/desktop/tools_mingw/Updates.xml.sha256
2026-09-04 21:23:20,952 - aqt.helper - DEBUG - helper 26496 Attempt to download checksum at https://download.qt.io/online/qtsdkrepository/windows_x86/desktop/tools_mingw/qt.tools.win32_mingw492/4.9.2-1i686-4.9.2-release-posix-dwarf-rt_v3-rev1.7z.sha256
2026-09-04 21:23:21,840 - aqt.helper - INFO - helper 26496 Downloading qt.tools.win32_mingw492...
2026-09-04 21:23:21,841 - aqt.installer - DEBUG - installer 26496 Download URL: https://download.qt.io/online/qtsdkrepository/windows_x86/desktop/tools_mingw/qt.tools.win32_mingw492/4.9.2-1i686-4.9.2-release-posix-dwarf-rt_v3-rev1.7z
2026-09-04 21:23:22,734 - aqt.helper - DEBUG - helper 26496 Asked to redirect(302) to: https://www.nic.funet.fi/pub/mirrors/download.qt-project.org/online/qtsdkrepository/windows_x86/desktop/tools_mingw/qt.tools.win32_mingw492/4.9.2-1i686-4.9.2-release-posix-dwarf-rt_v3-rev1.7z
2026-09-04 21:23:22,734 - aqt.helper - INFO - helper 26496 Redirected: www.nic.funet.fi
2026-09-04 21:24:11,805 - aqt.installer - INFO - installer 26496 Finished installation of i686-4.9.2-release-posix-dwarf-rt_v3-rev1.7z in 50.85548780
2026-09-04 21:24:11,901 - aqt.helper - DEBUG - helper 27092 Attempt to download checksum at https://download.qt.io/online/qtsdkrepository/windows_x86/desktop/tools_mingw/Updates.xml.sha256
2026-09-04 21:24:14,322 - aqt.helper - DEBUG - helper 11540 Attempt to download checksum at https://download.qt.io/online/qtsdkrepository/windows_x86/desktop/tools_mingw/qt.tools.win32_mingw530/5.3.0-2i686-5.3.0-release-posix-dwarf-rt_v4-rev0.7z.sha256
2026-09-04 21:24:15,298 - aqt.helper - INFO - helper 11540 Downloading qt.tools.win32_mingw530...
2026-09-04 21:24:15,298 - aqt.installer - DEBUG - installer 11540 Download URL: https://download.qt.io/online/qtsdkrepository/windows_x86/desktop/tools_mingw/qt.tools.win32_mingw530/5.3.0-2i686-5.3.0-release-posix-dwarf-rt_v4-rev0.7z
2026-09-04 21:24:16,183 - aqt.helper - DEBUG - helper 11540 Asked to redirect(302) to: https://www.nic.funet.fi/pub/mirrors/download.qt-project.org/online/qtsdkrepository/windows_x86/desktop/tools_mingw/qt.tools.win32_mingw530/5.3.0-2i686-5.3.0-release-posix-dwarf-rt_v4-rev0.7z
2026-09-04 21:24:16,183 - aqt.helper - INFO - helper 11540 Redirected: www.nic.funet.fi
2026-09-04 21:25:08,079 - aqt.installer - INFO - installer 11540 Finished installation of i686-5.3.0-release-posix-dwarf-rt_v4-rev0.7z in 53.75933290
2026-09-04 21:25:08,171 - aqt.helper - DEBUG - helper 27092 Attempt to download checksum at https://download.qt.io/online/qtsdkrepository/windows_x86/desktop/tools_mingw/Updates.xml.sha256
2026-09-04 21:25:10,551 - aqt.helper - DEBUG - helper 15616 Attempt to download checksum at https://download.qt.io/online/qtsdkrepository/windows_x86/desktop/tools_mingw/qt.tools.win32_mingw730/7.3.0-1-202004170606i686-7.3.0-release-posix-dwarf-rt_v5-rev0.7z.sha256
2026-09-04 21:25:11,451 - aqt.helper - INFO - helper 15616 Downloading qt.tools.win32_mingw730...
2026-09-04 21:25:11,452 - aqt.installer - DEBUG - installer 15616 Download URL: https://download.qt.io/online/qtsdkrepository/windows_x86/desktop/tools_mingw/qt.tools.win32_mingw730/7.3.0-1-202004170606i686-7.3.0-release-posix-dwarf-rt_v5-rev0.7z
2026-09-04 21:25:12,328 - aqt.helper - DEBUG - helper 15616 Asked to redirect(302) to: https://www.nic.funet.fi/pub/mirrors/download.qt-project.org/online/qtsdkrepository/windows_x86/desktop/tools_mingw/qt.tools.win32_mingw730/7.3.0-1-202004170606i686-7.3.0-release-posix-dwarf-rt_v5-rev0.7z
2026-09-04 21:25:12,328 - aqt.helper - INFO - helper 15616 Redirected: www.nic.funet.fi
2026-09-04 21:26:07,958 - aqt.main - INFO - installer 26352 aqtinstall(aqt) v3.3.0 on Python 3.12.10 [CPython MSC v.1943 64 bit (AMD64)]
2026-09-04 21:26:07,958 - aqt.helper - DEBUG - helper 26352 Attempt to download checksum at https://download.qt.io/online/qtsdkrepository/windows_x86/desktop/tools_mingw1310/Updates.xml.sha256
2026-09-04 21:26:09,795 - aqt.helper - DEBUG - helper 26352 Attempt to download checksum at https://download.qt.io/online/qtsdkrepository/windows_x86/desktop/tools_mingw1310/Updates.xml.sha256
2026-09-04 21:26:12,104 - aqt.helper - DEBUG - helper 21876 Attempt to download checksum at https://download.qt.io/online/qtsdkrepository/windows_x86/desktop/tools_mingw1310/qt.tools.win64_mingw1310/13.1.0-202407240918mingw1310.7z.sha256
2026-09-04 21:26:13,070 - aqt.helper - INFO - helper 21876 Downloading qt.tools.win64_mingw1310...
2026-09-04 21:26:13,070 - aqt.installer - DEBUG - installer 21876 Download URL: https://download.qt.io/online/qtsdkrepository/windows_x86/desktop/tools_mingw1310/qt.tools.win64_mingw1310/13.1.0-202407240918mingw1310.7z
2026-09-04 21:26:13,946 - aqt.helper - DEBUG - helper 21876 Asked to redirect(302) to: https://www.nic.funet.fi/pub/mirrors/download.qt-project.org/online/qtsdkrepository/windows_x86/desktop/tools_mingw1310/qt.tools.win64_mingw1310/13.1.0-202407240918mingw1310.7z
2026-09-04 21:26:13,946 - aqt.helper - INFO - helper 21876 Redirected: www.nic.funet.fi
2026-09-04 21:27:28,317 - aqt.installer - INFO - installer 21876 Finished installation of mingw1310.7z in 76.21629910
2026-09-04 21:27:28,419 - aqt.main - INFO - installer 26352 Finished installation
2026-09-04 21:27:28,419 - aqt.main - INFO - installer 26352 Time elapsed: 80.46043550 second
2026-09-04 21:49:04,647 - aqt.main - INFO - installer 14828 aqtinstall(aqt) v3.3.0 on Python 3.12.10 [CPython MSC v.1943 64 bit (AMD64)]
2026-09-04 21:49:04,648 - aqt.helper - DEBUG - helper 14828 Attempt to download checksum at https://download.qt.io/online/qtsdkrepository/windows_x86/desktop/tools_mingw/Updates.xml.sha256
2026-09-04 21:49:06,698 - aqt.helper - DEBUG - helper 14828 Attempt to download checksum at https://download.qt.io/online/qtsdkrepository/windows_x86/desktop/tools_mingw/Updates.xml.sha256
2026-09-04 21:49:09,075 - aqt.helper - DEBUG - helper 18328 Attempt to download checksum at https://download.qt.io/online/qtsdkrepository/windows_x86/desktop/tools_mingw/qt.tools.mingw47/4.7.2-1-1x32-4.7.2-release-posix-sjlj-rev8.7z.sha256
2026-09-04 21:49:09,955 - aqt.helper - INFO - helper 18328 Downloading qt.tools.mingw47...
2026-09-04 21:49:09,956 - aqt.installer - DEBUG - installer 18328 Download URL: https://download.qt.io/online/qtsdkrepository/windows_x86/desktop/tools_mingw/qt.tools.mingw47/4.7.2-1-1x32-4.7.2-release-posix-sjlj-rev8.7z
2026-09-04 21:49:10,851 - aqt.helper - DEBUG - helper 18328 Asked to redirect(302) to: https://www.nic.funet.fi/pub/mirrors/download.qt-project.org/online/qtsdkrepository/windows_x86/desktop/tools_mingw/qt.tools.mingw47/4.7.2-1-1x32-4.7.2-release-posix-sjlj-rev8.7z
2026-09-04 21:49:10,852 - aqt.helper - INFO - helper 18328 Redirected: www.nic.funet.fi
2026-09-04 21:49:30,983 - aqt.installer - WARNING - installer 14828 Caught PermissionError, terminating installer workers
2026-09-04 21:49:31,004 - aqt.main - ERROR - installer 14828 Failed to write to base directory at C:\Brain
==============================Suggested follow-up:==============================
* Check that the destination is writable and does not already contain files owned by another user.
2026-09-04 21:49:40,216 - aqt.main - INFO - installer 10688 aqtinstall(aqt) v3.3.0 on Python 3.12.10 [CPython MSC v.1943 64 bit (AMD64)]
2026-09-04 21:49:40,217 - aqt.helper - DEBUG - helper 10688 Attempt to download checksum at https://download.qt.io/online/qtsdkrepository/windows_x86/desktop/tools_mingw/Updates.xml.sha256
2026-09-04 21:49:42,082 - aqt.helper - DEBUG - helper 10688 Attempt to download checksum at https://download.qt.io/online/qtsdkrepository/windows_x86/desktop/tools_mingw/Updates.xml.sha256
2026-09-04 21:49:44,525 - aqt.helper - DEBUG - helper 6668 Attempt to download checksum at https://download.qt.io/online/qtsdkrepository/windows_x86/desktop/tools_mingw/qt.tools.mingw47/4.7.2-1-1x32-4.7.2-release-posix-sjlj-rev8.7z.sha256
2026-09-04 21:49:45,474 - aqt.helper - INFO - helper 6668 Downloading qt.tools.mingw47...
2026-09-04 21:49:45,474 - aqt.installer - DEBUG - installer 6668 Download URL: https://download.qt.io/online/qtsdkrepository/windows_x86/desktop/tools_mingw/qt.tools.mingw47/4.7.2-1-1x32-4.7.2-release-posix-sjlj-rev8.7z
2026-09-04 21:49:46,399 - aqt.helper - DEBUG - helper 6668 Asked to redirect(302) to: https://www.nic.funet.fi/pub/mirrors/download.qt-project.org/online/qtsdkrepository/windows_x86/desktop/tools_mingw/qt.tools.mingw47/4.7.2-1-1x32-4.7.2-release-posix-sjlj-rev8.7z
2026-09-04 21:49:46,400 - aqt.helper - INFO - helper 6668 Redirected: www.nic.funet.fi
2026-09-04 21:50:16,287 - aqt.installer - INFO - installer 6668 Finished installation of x32-4.7.2-release-posix-sjlj-rev8.7z in 31.76420180
2026-09-04 21:50:16,374 - aqt.helper - DEBUG - helper 10688 Attempt to download checksum at https://download.qt.io/online/qtsdkrepository/windows_x86/desktop/tools_mingw/Updates.xml.sha256
2026-09-04 21:50:18,800 - aqt.helper - DEBUG - helper 7776 Attempt to download checksum at https://download.qt.io/online/qtsdkrepository/windows_x86/desktop/tools_mingw/qt.tools.win32_mingw48/4.8.0-1-1x32-4.8.0-release-posix-dwarf-rev2.7z.sha256
2026-09-04 21:50:19,777 - aqt.helper - INFO - helper 7776 Downloading qt.tools.win32_mingw48...
2026-09-04 21:50:19,777 - aqt.installer - DEBUG - installer 7776 Download URL: https://download.qt.io/online/qtsdkrepository/windows_x86/desktop/tools_mingw/qt.tools.win32_mingw48/4.8.0-1-1x32-4.8.0-release-posix-dwarf-rev2.7z
2026-09-04 21:50:20,693 - aqt.helper - DEBUG - helper 7776 Asked to redirect(302) to: https://www.nic.funet.fi/pub/mirrors/download.qt-project.org/online/qtsdkrepository/windows_x86/desktop/tools_mingw/qt.tools.win32_mingw48/4.8.0-1-1x32-4.8.0-release-posix-dwarf-rev2.7z
2026-09-04 21:50:20,693 - aqt.helper - INFO - helper 7776 Redirected: www.nic.funet.fi
2026-09-04 21:50:45,979 - aqt.installer - INFO - installer 7776 Finished installation of x32-4.8.0-release-posix-dwarf-rev2.7z in 27.18134520
2026-09-04 21:50:46,064 - aqt.helper - DEBUG - helper 10688 Attempt to download checksum at https://download.qt.io/online/qtsdkrepository/windows_x86/desktop/tools_mingw/Updates.xml.sha256
2026-09-04 21:50:48,512 - aqt.helper - DEBUG - helper 27700 Attempt to download checksum at https://download.qt.io/online/qtsdkrepository/windows_x86/desktop/tools_mingw/qt.tools.win32_mingw482/4.8.2i686-4.8.2-release-posix-dwarf-rt_v3-rev3.7z.sha256
2026-09-04 21:50:49,384 - aqt.helper - INFO - helper 27700 Downloading qt.tools.win32_mingw482...
2026-09-04 21:50:49,384 - aqt.installer - DEBUG - installer 27700 Download URL: https://download.qt.io/online/qtsdkrepository/windows_x86/desktop/tools_mingw/qt.tools.win32_mingw482/4.8.2i686-4.8.2-release-posix-dwarf-rt_v3-rev3.7z
2026-09-04 21:50:50,311 - aqt.helper - DEBUG - helper 27700 Asked to redirect(302) to: https://www.nic.funet.fi/pub/mirrors/download.qt-project.org/online/qtsdkrepository/windows_x86/desktop/tools_mingw/qt.tools.win32_mingw482/4.8.2i686-4.8.2-release-posix-dwarf-rt_v3-rev3.7z
2026-09-04 21:50:50,312 - aqt.helper - INFO - helper 27700 Redirected: www.nic.funet.fi
2026-09-04 21:51:39,176 - aqt.installer - INFO - installer 27700 Finished installation of i686-4.8.2-release-posix-dwarf-rt_v3-rev3.7z in 50.66626220
2026-09-04 21:51:39,271 - aqt.helper - DEBUG - helper 10688 Attempt to download checksum at https://download.qt.io/online/qtsdkrepository/windows_x86/desktop/tools_mingw/Updates.xml.sha256
2026-09-04 21:51:41,704 - aqt.helper - DEBUG - helper 4580 Attempt to download checksum at https://download.qt.io/online/qtsdkrepository/windows_x86/desktop/tools_mingw/qt.tools.win32_mingw491/4.9.1-3i686-4.9.1-release-posix-dwarf-rt_v3-rev2.7z.sha256
2026-09-04 21:51:42,595 - aqt.helper - INFO - helper 4580 Downloading qt.tools.win32_mingw491...
2026-09-04 21:51:42,595 - aqt.installer - DEBUG - installer 4580 Download URL: https://download.qt.io/online/qtsdkrepository/windows_x86/desktop/tools_mingw/qt.tools.win32_mingw491/4.9.1-3i686-4.9.1-release-posix-dwarf-rt_v3-rev2.7z
2026-09-04 21:51:43,523 - aqt.helper - DEBUG - helper 4580 Asked to redirect(302) to: https://www.nic.funet.fi/pub/mirrors/download.qt-project.org/online/qtsdkrepository/windows_x86/desktop/tools_mingw/qt.tools.win32_mingw491/4.9.1-3i686-4.9.1-release-posix-dwarf-rt_v3-rev2.7z
2026-09-04 21:51:43,524 - aqt.helper - INFO - helper 4580 Redirected: www.nic.funet.fi
2026-09-04 21:52:40,478 - aqt.installer - INFO - installer 4580 Finished installation of i686-4.9.1-release-posix-dwarf-rt_v3-rev2.7z in 58.77605790
2026-09-04 21:52:40,574 - aqt.helper - DEBUG - helper 10688 Attempt to download checksum at https://download.qt.io/online/qtsdkrepository/windows_x86/desktop/tools_mingw/Updates.xml.sha256
2026-09-04 21:52:43,046 - aqt.helper - DEBUG - helper 16184 Attempt to download checksum at https://download.qt.io/online/qtsdkrepository/windows_x86/desktop/tools_mingw/qt.tools.win32_mingw492/4.9.2-1i686-4.9.2-release-posix-dwarf-rt_v3-rev1.7z.sha256
2026-09-04 21:52:43,940 - aqt.helper - INFO - helper 16184 Downloading qt.tools.win32_mingw492...
2026-09-04 21:52:43,941 - aqt.installer - DEBUG - installer 16184 Download URL: https://download.qt.io/online/qtsdkrepository/windows_x86/desktop/tools_mingw/qt.tools.win32_mingw492/4.9.2-1i686-4.9.2-release-posix-dwarf-rt_v3-rev1.7z
2026-09-04 21:52:45,890 - aqt.helper - DEBUG - helper 16184 Asked to redirect(302) to: https://www.nic.funet.fi/pub/mirrors/download.qt-project.org/online/qtsdkrepository/windows_x86/desktop/tools_mingw/qt.tools.win32_mingw492/4.9.2-1i686-4.9.2-release-posix-dwarf-rt_v3-rev1.7z
2026-09-04 21:52:45,890 - aqt.helper - INFO - helper 16184 Redirected: www.nic.funet.fi
2026-09-04 21:53:41,580 - aqt.installer - INFO - installer 16184 Finished installation of i686-4.9.2-release-posix-dwarf-rt_v3-rev1.7z in 58.53671750
2026-09-04 21:53:41,675 - aqt.helper - DEBUG - helper 10688 Attempt to download checksum at https://download.qt.io/online/qtsdkrepository/windows_x86/desktop/tools_mingw/Updates.xml.sha256
2026-09-04 21:53:44,114 - aqt.helper - DEBUG - helper 2340 Attempt to download checksum at https://download.qt.io/online/qtsdkrepository/windows_x86/desktop/tools_mingw/qt.tools.win32_mingw530/5.3.0-2i686-5.3.0-release-posix-dwarf-rt_v4-rev0.7z.sha256
2026-09-04 21:53:45,073 - aqt.helper - INFO - helper 2340 Downloading qt.tools.win32_mingw530...
2026-09-04 21:53:45,074 - aqt.installer - DEBUG - installer 2340 Download URL: https://download.qt.io/online/qtsdkrepository/windows_x86/desktop/tools_mingw/qt.tools.win32_mingw530/5.3.0-2i686-5.3.0-release-posix-dwarf-rt_v4-rev0.7z
2026-09-04 21:53:46,129 - aqt.helper - DEBUG - helper 2340 Asked to redirect(302) to: https://www.nic.funet.fi/pub/mirrors/download.qt-project.org/online/qtsdkrepository/windows_x86/desktop/tools_mingw/qt.tools.win32_mingw530/5.3.0-2i686-5.3.0-release-posix-dwarf-rt_v4-rev0.7z
2026-09-04 21:53:46,130 - aqt.helper - INFO - helper 2340 Redirected: www.nic.funet.fi
2026-09-04 21:55:00,425 - aqt.installer - INFO - installer 2340 Finished installation of i686-5.3.0-release-posix-dwarf-rt_v4-rev0.7z in 76.31201740
2026-09-04 21:55:00,520 - aqt.helper - DEBUG - helper 10688 Attempt to download checksum at https://download.qt.io/online/qtsdkrepository/windows_x86/desktop/tools_mingw/Updates.xml.sha256
2026-09-04 21:55:02,958 - aqt.helper - DEBUG - helper 20444 Attempt to download checksum at https://download.qt.io/online/qtsdkrepository/windows_x86/desktop/tools_mingw/qt.tools.win32_mingw730/7.3.0-1-202004170606i686-7.3.0-release-posix-dwarf-rt_v5-rev0.7z.sha256
2026-09-04 21:55:03,847 - aqt.helper - INFO - helper 20444 Downloading qt.tools.win32_mingw730...
2026-09-04 21:55:03,848 - aqt.installer - DEBUG - installer 20444 Download URL: https://download.qt.io/online/qtsdkrepository/windows_x86/desktop/tools_mingw/qt.tools.win32_mingw730/7.3.0-1-202004170606i686-7.3.0-release-posix-dwarf-rt_v5-rev0.7z
2026-09-04 21:55:04,808 - aqt.helper - DEBUG - helper 20444 Asked to redirect(302) to: https://www.nic.funet.fi/pub/mirrors/download.qt-project.org/online/qtsdkrepository/windows_x86/desktop/tools_mingw/qt.tools.win32_mingw730/7.3.0-1-202004170606i686-7.3.0-release-posix-dwarf-rt_v5-rev0.7z
2026-09-04 21:55:04,808 - aqt.helper - INFO - helper 20444 Redirected: www.nic.funet.fi
2026-09-04 21:55:55,111 - aqt.installer - INFO - installer 20444 Finished installation of i686-7.3.0-release-posix-dwarf-rt_v5-rev0.7z in 52.15478330
2026-09-04 21:55:55,208 - aqt.helper - DEBUG - helper 10688 Attempt to download checksum at https://download.qt.io/online/qtsdkrepository/windows_x86/desktop/tools_mingw/Updates.xml.sha256
2026-09-04 21:55:57,589 - aqt.helper - DEBUG - helper 11944 Attempt to download checksum at https://download.qt.io/online/qtsdkrepository/windows_x86/desktop/tools_mingw/qt.tools.win32_mingw810/8.1.0-1-202004170606i686-8.1.0-release-posix-dwarf-rt_v6-rev0.7z.sha256
2026-09-04 21:55:58,522 - aqt.helper - INFO - helper 11944 Downloading qt.tools.win32_mingw810...
2026-09-04 21:55:58,522 - aqt.installer - DEBUG - installer 11944 Download URL: https://download.qt.io/online/qtsdkrepository/windows_x86/desktop/tools_mingw/qt.tools.win32_mingw810/8.1.0-1-202004170606i686-8.1.0-release-posix-dwarf-rt_v6-rev0.7z
2026-09-04 21:55:59,536 - aqt.helper - DEBUG - helper 11944 Asked to redirect(302) to: https://www.nic.funet.fi/pub/mirrors/download.qt-project.org/online/qtsdkrepository/windows_x86/desktop/tools_mingw/qt.tools.win32_mingw810/8.1.0-1-202004170606i686-8.1.0-release-posix-dwarf-rt_v6-rev0.7z
2026-09-04 21:55:59,537 - aqt.helper - INFO - helper 11944 Redirected: www.nic.funet.fi
2026-09-04 21:57:04,205 - aqt.installer - INFO - installer 11944 Finished installation of i686-8.1.0-release-posix-dwarf-rt_v6-rev0.7z in 66.61923900
2026-09-04 21:57:04,299 - aqt.helper - DEBUG - helper 10688 Attempt to download checksum at https://download.qt.io/online/qtsdkrepository/windows_x86/desktop/tools_mingw/Updates.xml.sha256
2026-09-04 21:57:06,754 - aqt.helper - DEBUG - helper 12756 Attempt to download checksum at https://download.qt.io/online/qtsdkrepository/windows_x86/desktop/tools_mingw/qt.tools.win64_mingw730/7.3.0-1-202004170606x86_64-7.3.0-release-posix-seh-rt_v5-rev0.7z.sha256
2026-09-04 21:57:07,660 - aqt.helper - INFO - helper 12756 Downloading qt.tools.win64_mingw730...
2026-09-04 21:57:07,660 - aqt.installer - DEBUG - installer 12756 Download URL: https://download.qt.io/online/qtsdkrepository/windows_x86/desktop/tools_mingw/qt.tools.win64_mingw730/7.3.0-1-202004170606x86_64-7.3.0-release-posix-seh-rt_v5-rev0.7z
2026-09-04 21:57:08,648 - aqt.helper - DEBUG - helper 12756 Asked to redirect(302) to: https://www.nic.funet.fi/pub/mirrors/download.qt-project.org/online/qtsdkrepository/windows_x86/desktop/tools_mingw/qt.tools.win64_mingw730/7.3.0-1-202004170606x86_64-7.3.0-release-posix-seh-rt_v5-rev0.7z
2026-09-04 21:57:08,648 - aqt.helper - INFO - helper 12756 Redirected: www.nic.funet.fi
2026-09-04 21:58:01,430 - aqt.installer - INFO - installer 12756 Finished installation of x86_64-7.3.0-release-posix-seh-rt_v5-rev0.7z in 54.67820430
2026-09-04 21:58:01,521 - aqt.helper - DEBUG - helper 10688 Attempt to download checksum at https://download.qt.io/online/qtsdkrepository/windows_x86/desktop/tools_mingw/Updates.xml.sha256
2026-09-04 21:58:03,997 - aqt.helper - DEBUG - helper 25880 Attempt to download checksum at https://download.qt.io/online/qtsdkrepository/windows_x86/desktop/tools_mingw/qt.tools.win64_mingw810/8.1.0-1-202004170606x86_64-8.1.0-release-posix-seh-rt_v6-rev0.7z.sha256
2026-09-04 21:58:04,962 - aqt.helper - INFO - helper 25880 Downloading qt.tools.win64_mingw810...
2026-09-04 21:58:04,962 - aqt.installer - DEBUG - installer 25880 Download URL: https://download.qt.io/online/qtsdkrepository/windows_x86/desktop/tools_mingw/qt.tools.win64_mingw810/8.1.0-1-202004170606x86_64-8.1.0-release-posix-seh-rt_v6-rev0.7z
2026-09-04 21:58:05,919 - aqt.helper - DEBUG - helper 25880 Asked to redirect(302) to: https://www.nic.funet.fi/pub/mirrors/download.qt-project.org/online/qtsdkrepository/windows_x86/desktop/tools_mingw/qt.tools.win64_mingw810/8.1.0-1-202004170606x86_64-8.1.0-release-posix-seh-rt_v6-rev0.7z
2026-09-04 21:58:05,919 - aqt.helper - INFO - helper 25880 Redirected: www.nic.funet.fi
2026-09-04 21:59:17,410 - aqt.installer - INFO - installer 25880 Finished installation of x86_64-8.1.0-release-posix-seh-rt_v6-rev0.7z in 73.41454840
2026-09-04 21:59:17,504 - aqt.main - INFO - installer 10688 Finished installation
2026-09-04 21:59:17,504 - aqt.main - INFO - installer 10688 Time elapsed: 577.28715100 second
